// Jest Snapshot v1, https://goo.gl/fbAQLP

exports[`components/SearchInput should match the snapshot 1`] = `[Function]`;
