// Jest Snapshot v1, https://goo.gl/fbAQLP

exports[`components/ErrorDisplay should match the snapshot 1`] = `
<Text
  style={
    {
      "alignItems": "center",
      "alignSelf": "center",
      "backgroundColor": "rgba(255, 0, 0, 0.1)",
      "borderColor": "#d0421b",
      "borderRadius": 5,
      "borderWidth": 1,
      "color": "#d0421b",
      "flexWrap": "wrap",
      "fontWeight": "700",
      "marginBottom": 4,
      "marginTop": 8,
      "paddingBottom": 4,
      "paddingLeft": 8,
      "paddingRight": 8,
      "paddingTop": 4,
    }
  }
  testID="errorDisplay"
>
  test data
</Text>
`;
